[Licensing::Module] Trying to connect to existing licensing client channel...
Built from '6000.4/staging' branch; Version is '6000.4.0f1 (8cf496087c8f) revision 9237654'; Using compiler version '194234433'; Build Type 'Release'
[Licensing::IpcConnector] Successfully connected to: "LicenseClient-Boloxdhd" at "2026-07-16T05:49:11.6215433Z"
OS: 'Windows 10  (10.0.19045) 64bit Professional' Language: 'es' Physical Memory: 32690 MB
BatchMode: 1, IsHumanControllingUs: 0, StartBugReporterOnCrash: 0, Is64bit: 1
System  architecture: x64
Process architecture: x64
Date: 2026-07-16T05:49:11Z

COMMAND LINE ARGUMENTS:
C:\Program Files\Unity\Hub\Editor\6000.4.0f1\Editor\Unity.exe
-batchmode
-nographics
-quit
-projectPath
F:\PUN\Tesis-Mundo-Aprendo\Mundo aprendo tesis
-logFile
F:\PUN\Tesis-Mundo-Aprendo\Mundo aprendo tesis\tmp\unity-saturno-import.log
Successfully changed project path to: F:\PUN\Tesis-Mundo-Aprendo\Mundo aprendo tesis
F:/PUN/Tesis-Mundo-Aprendo/Mundo aprendo tesis
Exiting without the bug reporter. Application will terminate with return code 1